// Jest Snapshot v1, https://goo.gl/fbAQLP

exports[`exported entity when being called with input.yaml stays unchanged 1`] = `
Array [
  Object {
    "description": "Simple",
    "output": Array [
      Object {
        "data": Array [
          "lorem",
          "ipsum",
        ],
        "path": "abc/",
      },
      Object {
        "data": Array [
          "dolor",
          "sit",
          "amet",
        ],
        "path": "def/foo/",
      },
      Object {
        "data": Array [
          "consectetur",
        ],
        "path": "def/bar/",
      },
    ],
  },
  Object {
    "description": "Nested",
    "output": Array [
      Object {
        "data": Array [
          "lorem",
          "ipsum",
        ],
        "path": "abc/",
      },
      Object {
        "data": Array [
          "dolor",
          "sit",
          "amet",
        ],
        "path": "def/foo/",
      },
      Object {
        "data": Array [
          "consectetur",
        ],
        "path": "def/bar/",
      },
    ],
  },
  Object {
    "description": "Flat",
    "output": Array [
      Object {
        "data": Array [
          "lorem",
          "ipsum",
          "dolor",
          "sit",
          "amet",
          "consectetur",
        ],
        "path": "",
      },
    ],
  },
  Object {
    "description": "Mix",
    "output": Array [
      Object {
        "data": Array [
          "lorem",
          "ipsum",
        ],
        "path": "abc/",
      },
      Object {
        "data": Array [
          "dolor",
          "sit",
          "amet",
          "consectetur",
          "loremz",
          "ipsumz",
          "dolorz",
          "sitz",
          "ametz",
          "consecteturz",
          "loremzzz",
          "ipsumzzz",
          "dolorzzz",
          "sitzzz",
          "ametzzz",
          "consecteturzzz",
        ],
        "path": "def/",
      },
      Object {
        "data": Array [
          "loremzz",
          "ipsumzz",
        ],
        "path": "def/abc/",
      },
      Object {
        "data": Array [
          "dolorzz",
          "sitzz",
          "ametzz",
        ],
        "path": "def/def/foo/",
      },
      Object {
        "data": Array [
          "consecteturzz",
        ],
        "path": "def/def/bar/",
      },
    ],
  },
  Object {
    "description": "Noise Elimitation",
    "output": Array [
      Object {
        "data": Array [
          "lorem",
          "ipsum",
        ],
        "path": "abc/",
      },
      Object {
        "data": Array [
          "dolor",
          "sit",
          "amet",
        ],
        "path": "def/foo/",
      },
      Object {
        "data": Array [
          "consectetur",
        ],
        "path": "def/bar/",
      },
    ],
  },
]
`;
